 
****************************************
Report : hierarchy
        -full
Design : SQUID_DECODER
Version: Q-2019.12-SP5-5
Date   : Sun Sep 25 17:27:51 2022
****************************************

Attributes:
    r - licensed design

SQUID_DECODER      r
    SVP_AN2_1                um28nchslogl35udl140f_ssgwc0p81v0c
    SVP_AN2_3                um28nchslogl35udl140f_ssgwc0p81v0c
    SVP_AN2_S_1              um28nchslogl35udl140f_ssgwc0p81v0c
    SVP_AO2BB2_1             um28nchslogl35udl140f_ssgwc0p81v0c
    SVP_AO2BB2_2             um28nchslogl35udl140f_ssgwc0p81v0c
    SVP_AO2BB2_3             um28nchslogl35udl140f_ssgwc0p81v0c
    SVP_AO2BB2_MG_3          um28nchslogl35udl140f_ssgwc0p81v0c
    SVP_AO21B_1              um28nchslogl35udl140f_ssgwc0p81v0c
    SVP_AO22_1               um28nchslogl35udl140f_ssgwc0p81v0c
    SVP_AO22_2               um28nchslogl35udl140f_ssgwc0p81v0c
    SVP_AOI21B_1             um28nchslogl35udl140f_ssgwc0p81v0c
    SVP_AOI21B_2             um28nchslogl35udl140f_ssgwc0p81v0c
    SVP_AOI21B_4             um28nchslogl35udl140f_ssgwc0p81v0c
    SVP_AOI21_1              um28nchslogl35udl140f_ssgwc0p81v0c
    SVP_AOI21_2              um28nchslogl35udl140f_ssgwc0p81v0c
    SVP_AOI21_3              um28nchslogl35udl140f_ssgwc0p81v0c
    SVP_AOI21_S_2            um28nchslogl35udl140f_ssgwc0p81v0c
    SVP_AOI21_S_4            um28nchslogl35udl140f_ssgwc0p81v0c
    SVP_AOI21_T_1            um28nchslogl35udl140f_ssgwc0p81v0c
    SVP_AOI21_T_2            um28nchslogl35udl140f_ssgwc0p81v0c
    SVP_AOI21_T_4            um28nchslogl35udl140f_ssgwc0p81v0c
    SVP_AOI22_0P75           um28nchslogl35udl140f_ssgwc0p81v0c
    SVP_AOI22_1              um28nchslogl35udl140f_ssgwc0p81v0c
    SVP_AOI22_S_2            um28nchslogl35udl140f_ssgwc0p81v0c
    SVP_AOI22_T_0P5          um28nchslogl35udl140f_ssgwc0p81v0c
    SVP_AOI22_T_2            um28nchslogl35udl140f_ssgwc0p81v0c
    SVP_AOI31_1              um28nchslogl35udl140f_ssgwc0p81v0c
    SVP_AOI31_2              um28nchslogl35udl140f_ssgwc0p81v0c
    SVP_AOI211_1             um28nchslogl35udl140f_ssgwc0p81v0c
    SVP_AOI211_2             um28nchslogl35udl140f_ssgwc0p81v0c
    SVP_BUF_1                um28nchslogl35udl140f_ssgwc0p81v0c
    SVP_BUF_4                um28nchslogl35udl140f_ssgwc0p81v0c
    SVP_BUF_8                um28nchslogl35udl140f_ssgwc0p81v0c
    SVP_BUF_M_3              um28nchslogl35udl140f_ssgwc0p81v0c
    SVP_BUF_M_6              um28nchslogl35udl140f_ssgwc0p81v0c
    SVP_BUF_M_9              um28nchslogl35udl140f_ssgwc0p81v0c
    SVP_BUF_S_2              um28nchslogl35udl140f_ssgwc0p81v0c
    SVP_BUF_S_3              um28nchslogl35udl140f_ssgwc0p81v0c
    SVP_BUF_S_6              um28nchslogl35udl140f_ssgwc0p81v0c
    SVP_EN2_F_0P7            um28nchslogl35udl140f_ssgwc0p81v0c
    SVP_EN2_F_2              um28nchslogl35udl140f_ssgwc0p81v0c
    SVP_EN2_F_4              um28nchslogl35udl140f_ssgwc0p81v0c
    SVP_EN2_V2_1             um28nchslogl35udl140f_ssgwc0p81v0c
    SVP_EN2_V2_2             um28nchslogl35udl140f_ssgwc0p81v0c
    SVP_EN2_V2_3             um28nchslogl35udl140f_ssgwc0p81v0c
    SVP_EN2_V2_4             um28nchslogl35udl140f_ssgwc0p81v0c
    SVP_EN2_V2_6             um28nchslogl35udl140f_ssgwc0p81v0c
    SVP_EN2_V2_8             um28nchslogl35udl140f_ssgwc0p81v0c
    SVP_EO2_2                um28nchslogl35udl140f_ssgwc0p81v0c
    SVP_EO2_F_1              um28nchslogl35udl140f_ssgwc0p81v0c
    SVP_EO2_F_2              um28nchslogl35udl140f_ssgwc0p81v0c
    SVP_EO2_F_4              um28nchslogl35udl140f_ssgwc0p81v0c
    SVP_EO2_V2_0P5           um28nchslogl35udl140f_ssgwc0p81v0c
    SVP_EO2_V2_1             um28nchslogl35udl140f_ssgwc0p81v0c
    SVP_EO2_V2_2             um28nchslogl35udl140f_ssgwc0p81v0c
    SVP_EO2_V2_3             um28nchslogl35udl140f_ssgwc0p81v0c
    SVP_EO2_V2_4             um28nchslogl35udl140f_ssgwc0p81v0c
    SVP_EO2_V2_6             um28nchslogl35udl140f_ssgwc0p81v0c
    SVP_EO2_V2_8             um28nchslogl35udl140f_ssgwc0p81v0c
    SVP_EO3_1                um28nchslogl35udl140f_ssgwc0p81v0c
    SVP_INV_1                um28nchslogl35udl140f_ssgwc0p81v0c
    SVP_INV_2                um28nchslogl35udl140f_ssgwc0p81v0c
    SVP_INV_3                um28nchslogl35udl140f_ssgwc0p81v0c
    SVP_INV_4                um28nchslogl35udl140f_ssgwc0p81v0c
    SVP_INV_6                um28nchslogl35udl140f_ssgwc0p81v0c
    SVP_INV_8                um28nchslogl35udl140f_ssgwc0p81v0c
    SVP_INV_16               um28nchslogl35udl140f_ssgwc0p81v0c
    SVP_MUXI2_2              um28nchslogl35udl140f_ssgwc0p81v0c
    SVP_MUXI2_MG_0P5         um28nchslogl35udl140f_ssgwc0p81v0c
    SVP_MUXI2_V2_2           um28nchslogl35udl140f_ssgwc0p81v0c
    SVP_MUXI2_V2_3           um28nchslogl35udl140f_ssgwc0p81v0c
    SVP_ND2B_2               um28nchslogl35udl140f_ssgwc0p81v0c
    SVP_ND2B_4               um28nchslogl35udl140f_ssgwc0p81v0c
    SVP_ND2B_8               um28nchslogl35udl140f_ssgwc0p81v0c
    SVP_ND2B_V1_1            um28nchslogl35udl140f_ssgwc0p81v0c
    SVP_ND2B_V1_2            um28nchslogl35udl140f_ssgwc0p81v0c
    SVP_ND2_1                um28nchslogl35udl140f_ssgwc0p81v0c
    SVP_ND2_2                um28nchslogl35udl140f_ssgwc0p81v0c
    SVP_ND2_3                um28nchslogl35udl140f_ssgwc0p81v0c
    SVP_ND2_4                um28nchslogl35udl140f_ssgwc0p81v0c
    SVP_ND2_6                um28nchslogl35udl140f_ssgwc0p81v0c
    SVP_ND2_10               um28nchslogl35udl140f_ssgwc0p81v0c
    SVP_ND2_12               um28nchslogl35udl140f_ssgwc0p81v0c
    SVP_ND2_S_1              um28nchslogl35udl140f_ssgwc0p81v0c
    SVP_ND2_S_1P5            um28nchslogl35udl140f_ssgwc0p81v0c
    SVP_ND2_S_3              um28nchslogl35udl140f_ssgwc0p81v0c
    SVP_ND2_S_4              um28nchslogl35udl140f_ssgwc0p81v0c
    SVP_ND2_S_6              um28nchslogl35udl140f_ssgwc0p81v0c
    SVP_ND2_S_8              um28nchslogl35udl140f_ssgwc0p81v0c
    SVP_ND2_T_1              um28nchslogl35udl140f_ssgwc0p81v0c
    SVP_ND2_T_1P5            um28nchslogl35udl140f_ssgwc0p81v0c
    SVP_ND2_T_2              um28nchslogl35udl140f_ssgwc0p81v0c
    SVP_ND2_T_3              um28nchslogl35udl140f_ssgwc0p81v0c
    SVP_ND2_T_4              um28nchslogl35udl140f_ssgwc0p81v0c
    SVP_ND2_T_6              um28nchslogl35udl140f_ssgwc0p81v0c
    SVP_ND3_2                um28nchslogl35udl140f_ssgwc0p81v0c
    SVP_ND3_S_1              um28nchslogl35udl140f_ssgwc0p81v0c
    SVP_ND3_S_4              um28nchslogl35udl140f_ssgwc0p81v0c
    SVP_ND3_T_0P5            um28nchslogl35udl140f_ssgwc0p81v0c
    SVP_ND3_T_1              um28nchslogl35udl140f_ssgwc0p81v0c
    SVP_ND3_T_2              um28nchslogl35udl140f_ssgwc0p81v0c
    SVP_ND3_T_3              um28nchslogl35udl140f_ssgwc0p81v0c
    SVP_ND3_T_4              um28nchslogl35udl140f_ssgwc0p81v0c
    SVP_NR2B_2               um28nchslogl35udl140f_ssgwc0p81v0c
    SVP_NR2B_4               um28nchslogl35udl140f_ssgwc0p81v0c
    SVP_NR2B_8               um28nchslogl35udl140f_ssgwc0p81v0c
    SVP_NR2B_V1_1            um28nchslogl35udl140f_ssgwc0p81v0c
    SVP_NR2B_V1_2            um28nchslogl35udl140f_ssgwc0p81v0c
    SVP_NR2_1                um28nchslogl35udl140f_ssgwc0p81v0c
    SVP_NR2_2                um28nchslogl35udl140f_ssgwc0p81v0c
    SVP_NR2_3                um28nchslogl35udl140f_ssgwc0p81v0c
    SVP_NR2_4                um28nchslogl35udl140f_ssgwc0p81v0c
    SVP_NR2_6                um28nchslogl35udl140f_ssgwc0p81v0c
    SVP_NR2_12               um28nchslogl35udl140f_ssgwc0p81v0c
    SVP_NR2_S_2              um28nchslogl35udl140f_ssgwc0p81v0c
    SVP_NR2_T_1              um28nchslogl35udl140f_ssgwc0p81v0c
    SVP_NR2_T_2              um28nchslogl35udl140f_ssgwc0p81v0c
    SVP_NR2_T_3              um28nchslogl35udl140f_ssgwc0p81v0c
    SVP_NR2_T_4              um28nchslogl35udl140f_ssgwc0p81v0c
    SVP_NR2_T_6              um28nchslogl35udl140f_ssgwc0p81v0c
    SVP_NR2_T_8              um28nchslogl35udl140f_ssgwc0p81v0c
    SVP_NR3_G_1              um28nchslogl35udl140f_ssgwc0p81v0c
    SVP_NR3_T_1              um28nchslogl35udl140f_ssgwc0p81v0c
    SVP_NR3_T_2              um28nchslogl35udl140f_ssgwc0p81v0c
    SVP_NR3_T_3              um28nchslogl35udl140f_ssgwc0p81v0c
    SVP_NR3_T_4              um28nchslogl35udl140f_ssgwc0p81v0c
    SVP_OA21B_1              um28nchslogl35udl140f_ssgwc0p81v0c
    SVP_OA21B_2              um28nchslogl35udl140f_ssgwc0p81v0c
    SVP_OA21_1               um28nchslogl35udl140f_ssgwc0p81v0c
    SVP_OAI21_2              um28nchslogl35udl140f_ssgwc0p81v0c
    SVP_OAI21_3              um28nchslogl35udl140f_ssgwc0p81v0c
    SVP_OAI21_S_1            um28nchslogl35udl140f_ssgwc0p81v0c
    SVP_OAI21_T_0P5          um28nchslogl35udl140f_ssgwc0p81v0c
    SVP_OAI21_T_1            um28nchslogl35udl140f_ssgwc0p81v0c
    SVP_OAI21_T_3            um28nchslogl35udl140f_ssgwc0p81v0c
    SVP_OAI21_T_4            um28nchslogl35udl140f_ssgwc0p81v0c
    SVP_OAI21_V1T_1          um28nchslogl35udl140f_ssgwc0p81v0c
    SVP_OAI22_0P75           um28nchslogl35udl140f_ssgwc0p81v0c
    SVP_OAI22_1              um28nchslogl35udl140f_ssgwc0p81v0c
    SVP_OAI22_S_2            um28nchslogl35udl140f_ssgwc0p81v0c
    SVP_OAI22_T_2            um28nchslogl35udl140f_ssgwc0p81v0c
    SVP_OAI31_G_1            um28nchslogl35udl140f_ssgwc0p81v0c
    SVP_OAI31_G_4            um28nchslogl35udl140f_ssgwc0p81v0c
    SVP_OAI211_0P5           um28nchslogl35udl140f_ssgwc0p81v0c
    SVP_OAI211_1             um28nchslogl35udl140f_ssgwc0p81v0c
    SVP_OAI211_2             um28nchslogl35udl140f_ssgwc0p81v0c
    SVP_OAOI211_4            um28nchslogl35udl140f_ssgwc0p81v0c
    SVP_OR2_1                um28nchslogl35udl140f_ssgwc0p81v0c
    SVP_OR2_2                um28nchslogl35udl140f_ssgwc0p81v0c
    SVP_OR2_3                um28nchslogl35udl140f_ssgwc0p81v0c
    SVP_OR2_4                um28nchslogl35udl140f_ssgwc0p81v0c
    SVP_OR2_6                um28nchslogl35udl140f_ssgwc0p81v0c
    SVP_OR3B_2               um28nchslogl35udl140f_ssgwc0p81v0c
    SVP_OR3B_4               um28nchslogl35udl140f_ssgwc0p81v0c
1
