 
****************************************
Report : threshold voltage group
Design : SQUID_DECODER
Version: Q-2019.12-SP5-5
Date   : Sun Sep 25 17:27:52 2022
****************************************

********************************************************************************
                        Threshold Voltage Group Report                         

Vth Group                All                Blackbox           Non-blackbox
Name                    cells                cells                cells
********************************************************************************
SVT35                2643 (100.00%)          0   (0.00%)       2643 (100.00%)   
********************************************************************************

Vth Group                All                Blackbox           Non-blackbox
Name                  cell area            cell area            cell area
********************************************************************************
SVT35             2093.97 (100.00%)       0.00   (0.00%)    2093.97 (100.00%)   
********************************************************************************
1
